// Vitest Snapshot v1, https://vitest.dev/guide/snapshot.html

exports[`matches snapshot 1`] = `
<DocumentFragment>
  <div
    class="SignupForm"
  >
    <div
      class="container col-md-6 offset-md-3 col-lg-4 offset-lg-4"
    >
      <h2
        class="mb-3"
      >
        Create a Jobly Account to Get Started
      </h2>
      <div
        class="card"
      >
        <div
          class="card-body"
        >
          <form>
            <div
              class="form-group"
            >
              <label
                for="SignUpForm-username-field"
              >
                Choose a username
              </label>
              <input
                class="form-control"
                id="SignUpForm-username-field"
                name="username"
                required=""
                type="text"
                value=""
              />
            </div>
            <div
              class="form-group"
            >
              <label
                for="SignUpForm-password-field"
              >
                Choose a password
              </label>
              <input
                class="form-control"
                id="SignUpForm-password-field"
                name="password"
                required=""
                type="password"
                value=""
              />
            </div>
            <div
              class="form-group"
            >
              <label
                for="SignUpForm-first-name-field"
              >
                First name
              </label>
              <input
                class="form-control"
                id="SignUpForm-first-name-field"
                name="firstName"
                required=""
                type="text"
                value=""
              />
            </div>
            <div
              class="form-group"
            >
              <label
                for="SignUpForm-last-name-field"
              >
                Last name
              </label>
              <input
                class="form-control"
                id="SignUpForm-last-name-field"
                name="lastName"
                required=""
                type="text"
                value=""
              />
            </div>
            <div
              class="form-group"
            >
              <label>
                Email
              </label>
              <input
                class="form-control"
                id="SignUpForm-email-field"
                name="email"
                required=""
                type="email"
                value=""
              />
            </div>
            <button
              class="btn btn-primary float-right"
              type="submit"
            >
              Create Account
            </button>
          </form>
          <p>
            Already have an account? 
            <a
              href="/login"
            >
              Log In Now!
            </a>
          </p>
        </div>
      </div>
    </div>
  </div>
</DocumentFragment>
`;
